<html>
<body>
<pre>
<h1>µVision Build Log</h1>
<h2>Tool Versions:</h2>
IDE-Version: ÂµVision V5.26.2.0
Copyright (C) 2018 ARM Ltd and ARM Germany GmbH. All rights reserved.
License Information: tuan hoanghuyanhtuan@outlook.com, UET, LIC=----
 
Tool Versions:
Toolchain:       MDK-Lite  Version: 5.26.2.0
Toolchain Path:  C:\Keil_v5\ARM\ARMCC\Bin
C Compiler:      Armcc.exe V5.06 update 6 (build 750)
Assembler:       Armasm.exe V5.06 update 6 (build 750)
Linker/Locator:  ArmLink.exe V5.06 update 6 (build 750)
Library Manager: ArmAr.exe V5.06 update 6 (build 750)
Hex Converter:   FromElf.exe V5.06 update 6 (build 750)
CPU DLL:         SARMCM3.DLL V5.26.2.0
Dialog DLL:      DARMCM1.DLL V1.19.1.0
Target DLL:      PEMicro\Pemicro_ArmCortexInterface.dll V1.11
Dialog DLL:      TARMCM1.DLL V1.14.0.0
 
<h2>Project:</h2>
D:\Code\Belt Fasten Controller\belt_fasten_controller.uvprojx
Project File Date:  11/24/2023

<h2>Output:</h2>
*** Using Compiler 'V5.06 update 6 (build 750)', folder: 'C:\Keil_v5\ARM\ARMCC\Bin'
Build target 'Target 1'
compiling LED.c...
LED.c(27): warning:  #223-D: function "delay" declared implicitly
  		delay(5000000);
LED.c(35): warning:  #111-D: statement is unreachable
  	return 0;
LED.c(36): warning:  #1-D: last line of file ends without a newline
   }
LED.c: 3 warnings, 0 errors
compiling utilities.c...
utilities.c(2): warning:  #1294-D: Old-style function delay
  void delay(time) {
utilities.c(2): warning:  #1079-D: standard requires that parameter "time"  be given a type by a subsequent declaration ("int" assumed)
  void delay(time) {
utilities.c(4): warning:  #1-D: last line of file ends without a newline
  }
utilities.c: 3 warnings, 0 errors
compiling switch.c...
switch.c(1): warning:  #1-D: last line of file ends without a newline
  #include "MKL46Z4.h" 
switch.c: 1 warning, 0 errors
linking...
.\Objects\belt_fasten_controller.axf: Warning: L6914W: option ro-base ignored when using --scatter.
.\Objects\belt_fasten_controller.axf: Warning: L6914W: option rw-base ignored when using --scatter.
.\Objects\belt_fasten_controller.axf: Warning: L6340W: options first and last are ignored for link type of scattered
Program Size: Code=468 RO-data=208 RW-data=0 ZI-data=2048  
Finished: 0 information, 3 warning and 0 error messages.
".\Objects\belt_fasten_controller.axf" - 0 Error(s), 10 Warning(s).

<h2>Software Packages used:</h2>

Package Vendor: ARM
                http://www.keil.com/pack/ARM.CMSIS.5.9.0.pack
                ARM.CMSIS.5.9.0
                CMSIS (Common Microcontroller Software Interface Standard)
   * Component: CORE Version: 5.6.0

Package Vendor: NXP
                http://mcuxpresso.nxp.com/cmsis_pack/repo/NXP.MKL46Z4_DFP.10.0.3.pack
                NXP.MKL46Z4_DFP.10.0.3
                Device Family Pack for MKL46Z4
   * Component: Startup Version: 1.0.0

<h2>Collection of Component include folders:</h2>
  .\RTE\Device\MKL46Z256VLL4
  .\RTE\_Target_1
  C:\Keil_v5\ARM\PACK\ARM\CMSIS\5.9.0\CMSIS\Core\Include

<h2>Collection of Component Files used:</h2>

   * Component: ARM::CMSIS:CORE:5.6.0

   * Component: NXP::Device:Startup:1.0.0
      Include file:  fsl_device_registers.h
      Source file:   arm\startup_MKL46Z4.s
      Source file:   system_MKL46Z4.c
      Include file:  MKL46Z4.h
      Include file:  MKL46Z4_features.h
      Include file:  system_MKL46Z4.h
Build Time Elapsed:  00:00:00
</pre>
</body>
</html>
