<html>
<body>
<pre>
<h1>µVision Build Log</h1>
<h2>Tool Versions:</h2>
IDE-Version: ÂµVision V5.26.2.0
Copyright (C) 2018 ARM Ltd and ARM Germany GmbH. All rights reserved.
License Information: tuan hoanghuyanhtuan@outlook.com, UET, LIC=----
 
Tool Versions:
Toolchain:       MDK-Lite  Version: 5.26.2.0
Toolchain Path:  C:\Keil_v5\ARM\ARMCC\Bin
C Compiler:      Armcc.exe V5.06 update 6 (build 750)
Assembler:       Armasm.exe V5.06 update 6 (build 750)
Linker/Locator:  ArmLink.exe V5.06 update 6 (build 750)
Library Manager: ArmAr.exe V5.06 update 6 (build 750)
Hex Converter:   FromElf.exe V5.06 update 6 (build 750)
CPU DLL:         SARMCM3.DLL V5.26.2.0
Dialog DLL:      DARMCM1.DLL V1.19.1.0
Target DLL:      PEMicro\Pemicro_ArmCortexInterface.dll V1.11
Dialog DLL:      TARMCM1.DLL V1.14.0.0
 
<h2>Project:</h2>
D:\Code\Belt Fasten Controller\belt_fasten_controller.uvprojx
Project File Date:  12/19/2023

<h2>Output:</h2>
*** Using Compiler 'V5.06 update 6 (build 750)', folder: 'C:\Keil_v5\ARM\ARMCC\Bin'
Rebuild target 'Target 1'
assembling startup_MKL46Z4.s...
compiling peripherals.c...
compiling LED.c...
compiling utilities.c...
utilities.c(16): warning:  #1-D: last line of file ends without a newline
  }
utilities.c: 1 warning, 0 errors
compiling switch.c...
LED.h(6): warning:  #1-D: last line of file ends without a newline
  void red_LED_OFF(void);//switch red LED off function
switch.c(10): warning:  #188-D: enumerated type mixed with another type
  	NVIC_ClearPendingIRQ(31);	//Clear NVIC any pending interrupts on PORTC_D
switch.c(11): warning:  #188-D: enumerated type mixed with another type
  	NVIC_EnableIRQ(31); // Enable NVIC interrupts source for PORTC_D module
switch.c(24): warning:  #1-D: last line of file ends without a newline
  	
switch.c: 4 warnings, 0 errors
compiling Seg_LCD.c...
Seg_LCD.c(173): warning:  #177-D: variable "k"  was declared but never referenced
  	int k;
Seg_LCD.c(230): warning:  #177-D: variable "k"  was declared but never referenced
  	int k;
Seg_LCD.c(11): warning:  #177-D: variable "LCD_Backplane_Pin"  was declared but never referenced
  const static uint8_t LCD_Backplane_Pin[LCD_NUM_BACKPLANE_PINS] = {LCD_BACKPLANE0, LCD_BACKPLANE1, LCD_BACKPLANE2, LCD_BACKPLANE3};
Seg_LCD.c: 3 warnings, 0 errors
compiling system_MKL46Z4.c...
compiling board.c...
compiling main.c...
LED.h(6): warning:  #1-D: last line of file ends without a newline
  void red_LED_OFF(void);//switch red LED off function
switch.h(2): warning:  #1-D: last line of file ends without a newline
  void init_switch(void);  // Init switch function
utilities.h(4): warning:  #1-D: last line of file ends without a newline
  void delay(uint32_t TICK);
main.c(82): warning:  #1-D: last line of file ends without a newline
  }
main.c: 4 warnings, 0 errors
compiling clock_config.c...
compiling fsl_common.c...
compiling pin_mux.c...
compiling fsl_clock.c...
compiling fsl_ftfx_cache.c...
C:\Keil_v5\ARM\PACK\NXP\MKL46Z4_DFP\10.0.3\drivers\fsl_ftfx_controller.h(167): warning:  #66-D: enumeration value is out of "int" range
      kFTFx_SecurityStateNotSecure = 0xc33cc33cU,       /*!< Flash is not secure.*/
C:\Keil_v5\ARM\PACK\NXP\MKL46Z4_DFP\10.0.3\drivers\fsl_ftfx_cache.c: 1 warning, 0 errors
compiling fsl_ftfx_controller.c...
C:\Keil_v5\ARM\PACK\NXP\MKL46Z4_DFP\10.0.3\drivers\fsl_ftfx_controller.h(167): warning:  #66-D: enumeration value is out of "int" range
      kFTFx_SecurityStateNotSecure = 0xc33cc33cU,       /*!< Flash is not secure.*/
C:\Keil_v5\ARM\PACK\NXP\MKL46Z4_DFP\10.0.3\drivers\fsl_ftfx_controller.c: 1 warning, 0 errors
compiling fsl_ftfx_flash.c...
C:\Keil_v5\ARM\PACK\NXP\MKL46Z4_DFP\10.0.3\drivers\fsl_ftfx_controller.h(167): warning:  #66-D: enumeration value is out of "int" range
      kFTFx_SecurityStateNotSecure = 0xc33cc33cU,       /*!< Flash is not secure.*/
C:\Keil_v5\ARM\PACK\NXP\MKL46Z4_DFP\10.0.3\drivers\fsl_ftfx_flash.c: 1 warning, 0 errors
compiling fsl_gpio.c...
compiling fsl_ftfx_flexnvm.c...
C:\Keil_v5\ARM\PACK\NXP\MKL46Z4_DFP\10.0.3\drivers\fsl_ftfx_controller.h(167): warning:  #66-D: enumeration value is out of "int" range
      kFTFx_SecurityStateNotSecure = 0xc33cc33cU,       /*!< Flash is not secure.*/
C:\Keil_v5\ARM\PACK\NXP\MKL46Z4_DFP\10.0.3\drivers\fsl_ftfx_flexnvm.c: 1 warning, 0 errors
compiling fsl_lpsci.c...
compiling fsl_debug_console.c...
compiling fsl_io.c...
compiling fsl_smc.c...
C:\Keil_v5\ARM\PACK\NXP\MKL46Z4_DFP\10.0.3\drivers\fsl_ftfx_controller.h(167): warning:  #66-D: enumeration value is out of "int" range
      kFTFx_SecurityStateNotSecure = 0xc33cc33cU,       /*!< Flash is not secure.*/
C:\Keil_v5\ARM\PACK\NXP\MKL46Z4_DFP\10.0.3\drivers\fsl_smc.c: 1 warning, 0 errors
compiling fsl_i2c.c...
compiling fsl_uart.c...
compiling fsl_log.c...
compiling fsl_str.c...
linking...
.\Objects\belt_fasten_controller.axf: Warning: L6914W: option ro-base ignored when using --scatter.
.\Objects\belt_fasten_controller.axf: Warning: L6914W: option rw-base ignored when using --scatter.
.\Objects\belt_fasten_controller.axf: Warning: L6340W: options first and last are ignored for link type of scattered
Program Size: Code=6736 RO-data=588 RW-data=68 ZI-data=2060  
Finished: 0 information, 3 warning and 0 error messages.
".\Objects\belt_fasten_controller.axf" - 0 Error(s), 20 Warning(s).

<h2>Software Packages used:</h2>

Package Vendor: ARM
                http://www.keil.com/pack/ARM.CMSIS.5.9.0.pack
                ARM.CMSIS.5.9.0
                CMSIS (Common Microcontroller Software Interface Standard)
   * Component: CORE Version: 5.6.0

Package Vendor: NXP
                http://mcuxpresso.nxp.com/cmsis_pack/repo/NXP.MKL46Z4_DFP.10.0.3.pack
                NXP.MKL46Z4_DFP.10.0.3
                Device Family Pack for MKL46Z4
   * Component: project_template Variant: MKL46Z4 Version: 1.0.0
   * Component: clock Version: 2.1.0
   * Component: common Version: 2.0.0
   * Component: flash Version: 3.0.0
   * Component: gpio Version: 2.2.1
   * Component: i2c Version: 2.0.5
   * Component: lpsci Version: 2.0.4
   * Component: port Version: 2.0.2
   * Component: smc Version: 2.0.3
   * Component: uart Version: 2.1.5
   * Component: debug_console Version: 1.0.0
   * Component: Startup Version: 1.0.0

<h2>Collection of Component include folders:</h2>
  .\RTE\Board_Support\MKL46Z256VLL4
  .\RTE\Device\MKL46Z256VLL4
  .\RTE\_Target_1
  C:\Keil_v5\ARM\PACK\ARM\CMSIS\5.9.0\CMSIS\Core\Include
  C:\Keil_v5\ARM\PACK\NXP\MKL46Z4_DFP\10.0.3\drivers
  C:\Keil_v5\ARM\PACK\NXP\MKL46Z4_DFP\10.0.3\utilities
  C:\Keil_v5\ARM\PACK\NXP\MKL46Z4_DFP\10.0.3\utilities\io
  C:\Keil_v5\ARM\PACK\NXP\MKL46Z4_DFP\10.0.3\utilities\log
  C:\Keil_v5\ARM\PACK\NXP\MKL46Z4_DFP\10.0.3\utilities\str

<h2>Collection of Component Files used:</h2>

   * Component: ARM::CMSIS:CORE:5.6.0

   * Component: NXP::Board Support:SDK Project Template:project_template:MKL46Z4:1.0.0
      Source file:   project_template\board.c
      Include file:  project_template\peripherals.h
      Include file:  project_template\board.h
      Source file:   project_template\clock_config.c
      Include file:  project_template\clock_config.h
      Source file:   project_template\peripherals.c
      Source file:   project_template\pin_mux.c
      Include file:  project_template\pin_mux.h

   * Component: NXP::Device:SDK Drivers:clock:2.1.0
      Include file:  drivers\fsl_clock.h
      Source file:   drivers\fsl_clock.c

   * Component: NXP::Device:SDK Drivers:common:2.0.0
      Include file:  drivers\fsl_common.h
      Source file:   drivers\fsl_common.c

   * Component: NXP::Device:SDK Drivers:flash:3.0.0
      Include file:  drivers\fsl_ftfx_adapter.h
      Source file:   drivers\fsl_ftfx_flash.c
      Include file:  drivers\fsl_ftfx_features.h
      Include file:  drivers\fsl_ftfx_cache.h
      Source file:   drivers\fsl_ftfx_cache.c
      Include file:  drivers\fsl_ftfx_flash.h
      Source file:   drivers\fsl_ftfx_flexnvm.c
      Include file:  drivers\fsl_ftfx_flexnvm.h
      Include file:  drivers\fsl_ftfx_utilities.h
      Include file:  drivers\fsl_flash.h
      Source file:   drivers\fsl_ftfx_controller.c
      Include file:  drivers\fsl_ftfx_controller.h

   * Component: NXP::Device:SDK Drivers:gpio:2.2.1
      Include file:  drivers\fsl_gpio.h
      Source file:   drivers\fsl_gpio.c

   * Component: NXP::Device:SDK Drivers:i2c:2.0.5
      Include file:  drivers\fsl_i2c.h
      Source file:   drivers\fsl_i2c.c

   * Component: NXP::Device:SDK Drivers:lpsci:2.0.4
      Source file:   drivers\fsl_lpsci.c
      Include file:  drivers\fsl_lpsci.h

   * Component: NXP::Device:SDK Drivers:port:2.0.2
      Include file:  drivers\fsl_port.h

   * Component: NXP::Device:SDK Drivers:smc:2.0.3
      Include file:  drivers\fsl_smc.h
      Source file:   drivers\fsl_smc.c

   * Component: NXP::Device:SDK Drivers:uart:2.1.5
      Include file:  drivers\fsl_uart.h
      Source file:   drivers\fsl_uart.c

   * Component: NXP::Device:SDK Utilities:debug_console:1.0.0
      Include file:  utilities\fsl_debug_console_conf.h
      Source file:   utilities\io\fsl_io.c
      Include file:  utilities\io\fsl_io.h
      Source file:   utilities\fsl_debug_console.c
      Include file:  utilities\fsl_debug_console.h
      Source file:   utilities\log\fsl_log.c
      Include file:  utilities\str\fsl_str.h
      Include file:  utilities\log\fsl_log.h
      Source file:   utilities\str\fsl_str.c

   * Component: NXP::Device:Startup:1.0.0
      Include file:  fsl_device_registers.h
      Source file:   system_MKL46Z4.c
      Include file:  system_MKL46Z4.h
      Source file:   arm\startup_MKL46Z4.s
      Include file:  MKL46Z4.h
      Include file:  MKL46Z4_features.h
Build Time Elapsed:  00:00:02
</pre>
</body>
</html>
